/home/wdz/.conda/envs/llm4cp_env/lib/python3.8/site-packages/huggingface_hub/file_download.py:945: FutureWarning: `resume_download` is deprecated and will be removed in version 1.0.0. Downloads always resume when possible. If you want to force a new download, use `force_download=True`.
  warnings.warn(
'(MaxRetryError("HTTPSConnectionPool(host='huggingface.co', port=443): Max retries exceeded with url: /gpt2/resolve/main/config.json (Caused by NewConnectionError('<urllib3.connection.HTTPSConnection object at 0x721d9017fbe0>: Failed to establish a new connection: [Errno 101] Network is unreachable'))"), '(Request ID: 97d40e9d-6b0e-4b80-8c47-9f51fd008071)')' thrown while requesting HEAD https://huggingface.co/gpt2/resolve/main/config.json
Retrying in 1s [Retry 1/5].
'(MaxRetryError("HTTPSConnectionPool(host='huggingface.co', port=443): Max retries exceeded with url: /gpt2/resolve/main/config.json (Caused by NewConnectionError('<urllib3.connection.HTTPSConnection object at 0x721d9017ffd0>: Failed to establish a new connection: [Errno 101] Network is unreachable'))"), '(Request ID: 9f5a9ecb-c711-4e8c-9c73-96ed003c80a4)')' thrown while requesting HEAD https://huggingface.co/gpt2/resolve/main/config.json
Retrying in 2s [Retry 2/5].
'(MaxRetryError("HTTPSConnectionPool(host='huggingface.co', port=443): Max retries exceeded with url: /gpt2/resolve/main/config.json (Caused by NewConnectionError('<urllib3.connection.HTTPSConnection object at 0x721d9015b370>: Failed to establish a new connection: [Errno 101] Network is unreachable'))"), '(Request ID: 5ba65ee8-638f-4e39-bf61-cd0bb20af4cc)')' thrown while requesting HEAD https://huggingface.co/gpt2/resolve/main/config.json
Retrying in 4s [Retry 3/5].
'(MaxRetryError("HTTPSConnectionPool(host='huggingface.co', port=443): Max retries exceeded with url: /gpt2/resolve/main/config.json (Caused by NewConnectionError('<urllib3.connection.HTTPSConnection object at 0x721d9017f250>: Failed to establish a new connection: [Errno 101] Network is unreachable'))"), '(Request ID: b065d21d-ec67-4266-91e1-3e010a8acf2e)')' thrown while requesting HEAD https://huggingface.co/gpt2/resolve/main/config.json
Retrying in 8s [Retry 4/5].
'(MaxRetryError("HTTPSConnectionPool(host='huggingface.co', port=443): Max retries exceeded with url: /gpt2/resolve/main/config.json (Caused by NewConnectionError('<urllib3.connection.HTTPSConnection object at 0x721d9017f0d0>: Failed to establish a new connection: [Errno 101] Network is unreachable'))"), '(Request ID: b7e34c60-ff7c-4134-ae6a-fd4f0901a043)')' thrown while requesting HEAD https://huggingface.co/gpt2/resolve/main/config.json
Retrying in 8s [Retry 5/5].
'(MaxRetryError("HTTPSConnectionPool(host='huggingface.co', port=443): Max retries exceeded with url: /gpt2/resolve/main/config.json (Caused by NewConnectionError('<urllib3.connection.HTTPSConnection object at 0x721d9015b340>: Failed to establish a new connection: [Errno 101] Network is unreachable'))"), '(Request ID: 5bbd1235-ad88-4514-b1b2-16a7b2e4b3d9)')' thrown while requesting HEAD https://huggingface.co/gpt2/resolve/main/config.json
'(MaxRetryError("HTTPSConnectionPool(host='huggingface.co', port=443): Max retries exceeded with url: /gpt2/resolve/main/adapter_config.json (Caused by NewConnectionError('<urllib3.connection.HTTPSConnection object at 0x721d9015bd30>: Failed to establish a new connection: [Errno 101] Network is unreachable'))"), '(Request ID: bface503-aac9-4c19-927e-eb375d4b25ef)')' thrown while requesting HEAD https://huggingface.co/gpt2/resolve/main/adapter_config.json
Retrying in 1s [Retry 1/5].
'(MaxRetryError("HTTPSConnectionPool(host='huggingface.co', port=443): Max retries exceeded with url: /gpt2/resolve/main/adapter_config.json (Caused by NewConnectionError('<urllib3.connection.HTTPSConnection object at 0x721d90167100>: Failed to establish a new connection: [Errno 101] Network is unreachable'))"), '(Request ID: 56e2fa3d-8306-4899-93c3-d9acffa455df)')' thrown while requesting HEAD https://huggingface.co/gpt2/resolve/main/adapter_config.json
Retrying in 2s [Retry 2/5].
'(MaxRetryError("HTTPSConnectionPool(host='huggingface.co', port=443): Max retries exceeded with url: /gpt2/resolve/main/adapter_config.json (Caused by NewConnectionError('<urllib3.connection.HTTPSConnection object at 0x721d90167460>: Failed to establish a new connection: [Errno 101] Network is unreachable'))"), '(Request ID: fab29e25-0bd5-4eeb-b2f1-97007e792074)')' thrown while requesting HEAD https://huggingface.co/gpt2/resolve/main/adapter_config.json
Retrying in 4s [Retry 3/5].
'(MaxRetryError("HTTPSConnectionPool(host='huggingface.co', port=443): Max retries exceeded with url: /gpt2/resolve/main/adapter_config.json (Caused by NewConnectionError('<urllib3.connection.HTTPSConnection object at 0x721d901677c0>: Failed to establish a new connection: [Errno 101] Network is unreachable'))"), '(Request ID: a5330b8e-b5d0-46dd-a7e9-0a977d03b992)')' thrown while requesting HEAD https://huggingface.co/gpt2/resolve/main/adapter_config.json
Retrying in 8s [Retry 4/5].
'(MaxRetryError("HTTPSConnectionPool(host='huggingface.co', port=443): Max retries exceeded with url: /gpt2/resolve/main/adapter_config.json (Caused by NewConnectionError('<urllib3.connection.HTTPSConnection object at 0x721d90167b20>: Failed to establish a new connection: [Errno 101] Network is unreachable'))"), '(Request ID: 0223f61e-1a00-44fe-9a72-0bc863fb10e1)')' thrown while requesting HEAD https://huggingface.co/gpt2/resolve/main/adapter_config.json
Retrying in 8s [Retry 5/5].
